// Vitest Snapshot v1, https://vitest.dev/guide/snapshot.html

exports[`rollup > generate basic 1`] = `
"// main.js
function Component() {
  return /* @__PURE__ */ React.createElement("div", null, "I'm a div in a tsx component!");
}

function hello(s) {
  return "hello" + s;
}
let c = Component;
let num = 1;

export { c, hello, num };

// temp/component.d.ts
export declare function Component(): React.JSX.Element;

// temp/main.d.ts
import { type Num } from './types.js';
export type Str = string;
export declare function hello(s: Str): Str;
export declare let c: React.JSX.Element;
export declare let num: Num;

// temp/types.d.ts
import type { Num2 } from './types2.js';
export type Num = Num2;

// temp/types2.d.ts
export type Num2 = number;
"
`;

exports[`rollup > write entry-points (#22) 1`] = `
[
  "// b/index.d.ts
export { ComponentB } from "./ComponentB/ComponentB";
",
  "// b/index.js
export { ComponentB } from './ComponentB/ComponentB/index.js';
",
  "// b/ComponentB/ComponentB/index.d.ts
import React from "react";
interface ComponentBProps {
    test: string;
}
export declare function ComponentB(props: ComponentBProps): React.JSX.Element;
export {};
",
  "// b/ComponentB/ComponentB/index.js
import React from 'react';

function ComponentB(props) {
  const { test } = props;
  return /* @__PURE__ */ React.createElement(React.Fragment, null, "ComponentB: ", test);
}

export { ComponentB };
",
  "// a/index.d.ts
export { ComponentA } from "./ComponentA/ComponentA";
",
  "// a/index.js
export { ComponentA } from './ComponentA/ComponentA/index.js';
",
  "// a/ComponentA/ComponentA/index.d.ts
import React from "react";
interface ComponentAProps {
    test: string;
}
export declare function ComponentA(props: ComponentAProps): React.JSX.Element;
export {};
",
  "// a/ComponentA/ComponentA/index.js
import React from 'react';

function ComponentA(props) {
  const { test } = props;
  return /* @__PURE__ */ React.createElement(React.Fragment, null, "ComponentA: ", test);
}

export { ComponentA };
",
]
`;

exports[`rollup > write entry-points (#34) 1`] = `
[
  "// bar.d.ts
export * as baz from './foo/bar/baz.js';
export type CustomType = 'unimportant' | 'only' | 'showcase';
",
  "// bar.js
export { b as baz } from './index-B_ebAVVP.js';
",
  "// index-B_ebAVVP.js
function important() {
  console.log("very! important function");
}

var baz = /*#__PURE__*/Object.freeze({
  __proto__: null,
  important: important
});

export { baz as b, important as i };
",
  "// index.d.ts
export declare function foo(): void;
export * from './foo/bar/baz.js';
",
  "// index.js
export { i as important } from './index-B_ebAVVP.js';

function foo() {
  console.log("important function");
}

export { foo };
",
  "// foo/bar/baz.d.ts
export declare function important(): void;
",
]
`;
