// Vitest Snapshot v1, https://vitest.dev/guide/snapshot.html

exports[`rollup > custom rewriter 1`] = `
"// index.d.ts
export type * from './test.js';

// index.js


// test.d.ts
export type Str = string;
"
`;

exports[`rollup > generate basic 1`] = `
"// main.js
function Component() {
  return /* @__PURE__ */ React.createElement("div", null, "I'm a div in a tsx component!");
}

function hello(s) {
  return "hello" + s;
}
let c = Component;
let num = 1;

export { c, hello, num };

// temp/component.d.ts
export declare function Component(): React.JSX.Element;

// temp/main.d.ts
import { type Num } from '../temp/types.js';
export type Str = string;
export declare function hello(s: Str): Str;
export declare let c: React.JSX.Element;
export declare let num: Num;

// temp/types.d.ts
import type { Num2 } from '../temp/types2.js';
export type Num = Num2;

// temp/types2.d.ts
export type Num2 = number;
"
`;

exports[`rollup > with exts 1`] = `
"// main.d.ts
export type {} from './types.js';
export type {} from './types.js';
export type {} from './tsx.js';
export type {} from './tsx.jsx';
export type {} from './tsx.js';
export type {} from './tsx.jsx';

// main.js


// tsx.d.ts
export type A = string;

// types.d.ts
export type Str = string;
"
`;

exports[`rollup > write entry-points (#22) 1`] = `
"// a/ComponentA/ComponentA/index.d.ts
import React from 'react';
export { a } from '../../Models/model/index.js';
interface ComponentAProps {
    test: string;
}
export declare function ComponentA(props: ComponentAProps): React.JSX.Element;
//# sourceMappingURL=index.d.ts.map

// a/ComponentA/ComponentA/index.d.ts.map
{"version":3,"file":"index.d.ts","sourceRoot":"","sources":["../../../../../../fixtures/entry-points-22/a/ComponentA/ComponentA.tsx"],"names":[],"mappings":"AAAA,OAAO,KAAK,MAAM,OAAO,CAAA;AACzB,OAAO,EAAE,CAAC,EAAE,MAAM,iBAAiB,CAAA;AAEnC,UAAU,eAAe;IACvB,IAAI,EAAE,MAAM,CAAA;CACb;AAED,wBAAgB,UAAU,CAAC,KAAK,EAAE,eAAe,GAAG,KAAK,CAAC,GAAG,CAAC,OAAO,CAGpE"}

// a/ComponentA/ComponentA/index.js
import React from 'react';

function ComponentA(props) {
  const { test } = props;
  return /* @__PURE__ */ React.createElement(React.Fragment, null, "ComponentA: ", test);
}

export { ComponentA };


// a/Models/model/index.d.ts
export interface MyModel {
    some: string;
}
export declare const a = "b";
//# sourceMappingURL=index.d.ts.map

// a/Models/model/index.d.ts.map
{"version":3,"file":"index.d.ts","sourceRoot":"","sources":["../../../../../../fixtures/entry-points-22/a/Models/model.ts"],"names":[],"mappings":"AAAA,MAAM,WAAW,OAAO;IACtB,IAAI,EAAE,MAAM,CAAA;CACb;AACD,eAAO,MAAM,CAAC,MAAM,CAAA"}

// a/index.d.ts
export { ComponentA } from "./ComponentA/ComponentA/index.jsx";
//# sourceMappingURL=index.d.ts.map

// a/index.d.ts.map
{"version":3,"file":"index.d.ts","sourceRoot":"","sources":["../../../../fixtures/entry-points-22/a/index.ts"],"names":[],"mappings":"AAAA,OAAO,EAAE,UAAU,EAAE,MAAM,yBAAyB,CAAC"}

// a/index.js
export { ComponentA } from './ComponentA/ComponentA/index.js';


// b/ComponentB/ComponentB/index.d.ts
import React from "react";
interface ComponentBProps {
    test: string;
}
export declare function ComponentB(props: ComponentBProps): React.JSX.Element;
export {};
//# sourceMappingURL=index.d.ts.map

// b/ComponentB/ComponentB/index.d.ts.map
{"version":3,"file":"index.d.ts","sourceRoot":"","sources":["../../../../../../fixtures/entry-points-22/b/ComponentB/ComponentB.tsx"],"names":[],"mappings":"AAAA,OAAO,KAAK,MAAM,OAAO,CAAC;AAE1B,UAAU,eAAe;IACvB,IAAI,EAAE,MAAM,CAAC;CACd;AAED,wBAAgB,UAAU,CAAC,KAAK,EAAE,eAAe,GAAG,KAAK,CAAC,GAAG,CAAC,OAAO,CAGpE"}

// b/ComponentB/ComponentB/index.js
import React from 'react';

function ComponentB(props) {
  const { test } = props;
  return /* @__PURE__ */ React.createElement(React.Fragment, null, "ComponentB: ", test);
}

export { ComponentB };


// b/index.d.ts
export { ComponentB } from "./ComponentB/ComponentB/index.jsx";
//# sourceMappingURL=index.d.ts.map

// b/index.d.ts.map
{"version":3,"file":"index.d.ts","sourceRoot":"","sources":["../../../../fixtures/entry-points-22/b/index.ts"],"names":[],"mappings":"AAAA,OAAO,EAAE,UAAU,EAAE,MAAM,yBAAyB,CAAC"}

// b/index.js
export { ComponentB } from './ComponentB/ComponentB/index.js';
"
`;

exports[`rollup > write entry-points (#34) 1`] = `
"// foo/bar.d.ts
export type * from './bar/baz.js';
export type * from '../index.js';
//# sourceMappingURL=bar.d.ts.map

// foo/bar.d.ts.map
{"version":3,"file":"bar.d.ts","sourceRoot":"","sources":["../../../../fixtures/entry-points-34/foo/bar/bar.ts"],"names":[],"mappings":"AAAA,mBAAmB,OAAO,CAAA;AAC1B,mBAAmB,YAAY,CAAA"}

// foo/bar.js



// foo/bar/baz.d.ts
export type * from '../bar.js';
export type * from '../../index.js';
//# sourceMappingURL=baz.d.ts.map

// foo/bar/baz.d.ts.map
{"version":3,"file":"baz.d.ts","sourceRoot":"","sources":["../../../../../fixtures/entry-points-34/foo/bar/baz.ts"],"names":[],"mappings":"AAAA,mBAAmB,UAAU,CAAA;AAC7B,mBAAmB,YAAY,CAAA"}

// index.d.ts
export * from './foo/bar.js';
export * from './foo/bar/baz.js';
//# sourceMappingURL=index.d.ts.map

// index.d.ts.map
{"version":3,"file":"index.d.ts","sourceRoot":"","sources":["../../../fixtures/entry-points-34/main.ts"],"names":[],"mappings":"AAAA,cAAc,eAAe,CAAA;AAC7B,cAAc,eAAe,CAAA"}

// index.js

"
`;
