// Vitest Snapshot v1, https://vitest.dev/guide/snapshot.html

exports[`rollup 1`] = `
[
  "// main.js
function hello(s) {
  return "hello" + s;
}
let num = 1;

export { hello, num };
",
  "// main.d.ts
import { type Num } from "./types";
export type Str = string;
export declare function hello(s: Str): Str;
export declare let num: Num;
",
  "// types.d.ts
export type Num = number;
",
  "// types2.d.ts
export type Num2 = number;
",
]
`;
